
; 64tass Turbo Assembler Macro V1.57.2900 listing file
; 64tass "-D MONITOR_ADDRESS=\$E000" "-D LOCKOUT_ADDRESS=\$F000" "-D BASIC_ADDRESS=\$38000" "-D SOURCE_ADDRESS=\$28000" "-D SPRITE_ADDRESS=\$30000" -q -c -b -o echo.rom -L output/echo.lst echo.asm
; Sun Dec 11 03:55:43 2022

;Offset	;Hex		;Monitor	;Source

;******  Command line definitions

=$e000					 MONITOR_ADDRESS=$E000
=$f000					 LOCKOUT_ADDRESS=$F000
=$38000					 BASIC_ADDRESS=$38000
=$28000					 SOURCE_ADDRESS=$28000
=$30000					 SPRITE_ADDRESS=$30000

;******  Processing input file: echo.asm

.8000					Loop1:
.8000	20 cf ff	jsr $ffcf			jsr 	$FFCF
.8003	48		pha				pha
.8004	20 d2 ff	jsr $ffd2			jsr 	$FFD2
.8007	a9 20		lda #$20			lda 	#32
.8009	20 d2 ff	jsr $ffd2			jsr 	$FFD2
.800c	68		pla				pla
.800d	20 17 80	jsr $8017			jsr 	PrintHex
.8010	a9 0d		lda #$0d			lda 	#13
.8012	20 d2 ff	jsr $ffd2			jsr 	$FFD2
.8015	80 e9		bra $8000			bra 	Loop1
.8017					PrintHex:
.8017	48		pha				pha
.8018	4a		lsr a				lsr 	a
.8019	4a		lsr a				lsr 	a
.801a	4a		lsr a				lsr 	a
.801b	4a		lsr a				lsr 	a
.801c	20 20 80	jsr $8020			jsr 	PrintNibl
.801f	68		pla				pla
.8020					PrintNibl:
.8020	29 0f		and #$0f			and 	#15
.8022	c9 0a		cmp #$0a			cmp 	#10
.8024	90 02		bcc $8028			bcc 	_PN2
.8026	69 06		adc #$06			adc 	#6
.8028	69 30		adc #$30	_PN2:	adc 	#48
.802a	4c d2 ff	jmp $ffd2			jmp 	$FFD2

;******  End of listing
